// Jest Snapshot v1, https://goo.gl/fbAQLP

exports[`Card Component 1`] = `ShallowWrapper {}`;
