// Jest Snapshot v1, https://goo.gl/fbAQLP

exports[`Counter Button 1`] = `ShallowWrapper {}`;
