// Jest Snapshot v1, https://goo.gl/fbAQLP

exports[`render MainPage without crashing 1`] = `ShallowWrapper {}`;
